{
  "data": {
    "blogPost": [
      {
        "displayText": "Some sorta blogpost!"
      }
    ]
  }
}